// Jest Snapshot v1, https://goo.gl/fbAQLP

exports[`JwtDropdown should render the Jwt dropdown component 1`] = `
<div>
  <div
    class="box box--flex-direction-row"
  >
    <p
      class="box mm-text custody-search-jwt__select-title mm-text--body-md box--padding-1 box--flex-direction-row box--color-text-default"
    >
      [selectJWT]
    </p>
    <div
      class="dropdown custody-search-jwt__select"
    >
      <select
        class="dropdown__select"
        data-testid="jwt-dropdown"
      >
        <option
          value="someToken"
        >
          someToken
        </option>
        <option
          value="jwy1"
        >
          ...jwy1
        </option>
        <option
          value="jwt2"
        >
          ...jwt2
        </option>
      </select>
      <span
        class="box dropdown__icon-caret-down mm-icon mm-icon--size-sm box--display-inline-block box--flex-direction-row box--color-inherit"
        style="mask-image: url('./images/icons/arrow-down.svg');"
      />
    </div>
  </div>
</div>
`;
