// Jest Snapshot v1, https://goo.gl/fbAQLP

exports[`Import Token Link should match snapshot for goerli chainId 1`] = `
<div>
  <div
    class="mm-box multichain-import-token-link"
  >
    <div
      class="mm-box mm-box--display-flex mm-box--align-items-center"
    >
      <button
        class="box mm-text mm-button-base mm-button-base--size-md mm-button-link mm-text--body-md-medium box--display-inline-flex box--flex-direction-row box--justify-content-center box--align-items-center box--color-primary-default box--background-color-transparent"
        data-testid="import-token-button"
      >
        <span
          class="box mm-icon mm-icon--size-sm box--margin-inline-end-1 box--display-inline-block box--flex-direction-row box--color-inherit"
          style="mask-image: url('./images/icons/add.svg');"
        />
        Import tokens
      </button>
    </div>
    <div
      class="mm-box mm-box--padding-top-2 mm-box--display-flex mm-box--align-items-center"
    >
      <button
        class="box mm-text mm-button-base mm-button-base--size-md mm-button-link mm-text--body-md-medium box--display-inline-flex box--flex-direction-row box--justify-content-center box--align-items-center box--color-primary-default box--background-color-transparent"
        data-testid="refresh-list-button"
      >
        <span
          class="box mm-icon mm-icon--size-sm box--margin-inline-end-1 box--display-inline-block box--flex-direction-row box--color-inherit"
          style="mask-image: url('./images/icons/refresh.svg');"
        />
        Refresh list
      </button>
    </div>
  </div>
</div>
`;

exports[`Import Token Link should match snapshot for mainnet chainId 1`] = `
<div>
  <div
    class="mm-box multichain-import-token-link"
  >
    <div
      class="mm-box mm-box--display-flex mm-box--align-items-center"
    >
      <button
        class="box mm-text mm-button-base mm-button-base--size-md mm-button-link mm-text--body-md-medium box--display-inline-flex box--flex-direction-row box--justify-content-center box--align-items-center box--color-primary-default box--background-color-transparent"
        data-testid="import-token-button"
      >
        <span
          class="box mm-icon mm-icon--size-sm box--margin-inline-end-1 box--display-inline-block box--flex-direction-row box--color-inherit"
          style="mask-image: url('./images/icons/add.svg');"
        />
        Import tokens
      </button>
    </div>
    <div
      class="mm-box mm-box--padding-top-2 mm-box--display-flex mm-box--align-items-center"
    >
      <button
        class="box mm-text mm-button-base mm-button-base--size-md mm-button-link mm-text--body-md-medium box--display-inline-flex box--flex-direction-row box--justify-content-center box--align-items-center box--color-primary-default box--background-color-transparent"
        data-testid="refresh-list-button"
      >
        <span
          class="box mm-icon mm-icon--size-sm box--margin-inline-end-1 box--display-inline-block box--flex-direction-row box--color-inherit"
          style="mask-image: url('./images/icons/refresh.svg');"
        />
        Refresh list
      </button>
    </div>
  </div>
</div>
`;
