// Jest Snapshot v1, https://goo.gl/fbAQLP

exports[`DetectedTokensBanner should render correctly 1`] = `
<div>
  <div
    class="box mm-banner-base mm-banner-alert mm-banner-alert--severity-info multichain-detected-token-banner box--padding-3 box--padding-left-2 box--display-flex box--gap-2 box--flex-direction-row box--background-color-primary-muted box--rounded-sm"
    data-testid="detected-token-banner"
  >
    <span
      class="box mm-icon mm-icon--size-lg box--display-inline-block box--flex-direction-row box--color-primary-default"
      style="mask-image: url('./images/icons/info.svg');"
    />
    <div>
      <p
        class="box mm-text mm-text--body-md box--flex-direction-row box--color-text-default"
      >
        3 new tokens found in this account
      </p>
      <button
        class="box mm-text mm-button-base mm-button-link mm-button-link--size-auto mm-text--body-md box--display-inline-flex box--flex-direction-row box--justify-content-center box--align-items-center box--color-primary-default box--background-color-transparent"
      >
        Import tokens
      </button>
    </div>
  </div>
</div>
`;
