// Jest Snapshot v1, https://goo.gl/fbAQLP

exports[`UserPreferencedCurrencyDisplay Component rendering should match snapshot 1`] = `
<div>
  <div
    class="box currency-display-component box--display-flex box--flex-direction-row box--flex-wrap-wrap box--align-items-center"
    title="0 ETH"
  >
    <span
      class="box mm-text currency-display-component__text mm-text--body-md box--flex-direction-row box--color-text-default"
    >
      0
    </span>
    <span
      class="box mm-text currency-display-component__suffix mm-text--body-md box--margin-inline-start-1 box--flex-direction-row box--color-text-default"
    >
      ETH
    </span>
  </div>
</div>
`;
