// Jest Snapshot v1, https://goo.gl/fbAQLP

exports[`AvatarIcon should render correctly 1`] = `
<div>
  <div
    class="box mm-text mm-avatar-base mm-avatar-base--size-md mm-avatar-icon mm-text--body-sm mm-text--text-transform-uppercase box--display-flex box--flex-direction-row box--justify-content-center box--align-items-center box--color-primary-default box--background-color-primary-muted box--rounded-full box--border-color-transparent box--border-style-solid box--border-width-1"
    data-testid="avatar-icon"
  >
    <span
      class="box mm-icon mm-icon--size-md box--display-inline-block box--flex-direction-row box--color-inherit"
      style="mask-image: url('./images/icons/swap-horizontal.svg');"
    />
  </div>
</div>
`;
