// Jest Snapshot v1, https://goo.gl/fbAQLP

exports[`BannerAlert should render BannerAlert element correctly 1`] = `
<div>
  <div
    class="box mm-banner-base mm-banner-alert mm-banner-alert--severity-info box--padding-3 box--padding-left-2 box--display-flex box--gap-2 box--flex-direction-row box--background-color-primary-muted box--rounded-sm"
    data-testid="bannerAlert"
  >
    <span
      class="box mm-icon mm-icon--size-lg box--display-inline-block box--flex-direction-row box--color-primary-default"
      style="mask-image: url('./images/icons/info.svg');"
    />
    <div>
      <h5
        class="box mm-text mm-banner-base__title mm-text--body-lg-medium box--flex-direction-row box--color-text-default"
        data-testid="mm-banner-base-title"
      >
        BannerAlert test
      </h5>
      <p
        class="box mm-text mm-text--body-md box--flex-direction-row box--color-text-default"
      >
        should render BannerAlert element correctly
      </p>
    </div>
  </div>
</div>
`;
