// Jest Snapshot v1, https://goo.gl/fbAQLP

exports[`Transaction Insight should match snapshot for one snap 1`] = `
<div>
  <li
    class="tab confirm-page-container-content__tab"
  >
    <button>
      Transaction Example Snap 1
    </button>
  </li>
</div>
`;

exports[`Transaction Insight should match snapshot for two snaps 1`] = `
<div>
  <li
    class="tab confirm-page-container-content__tab"
  >
    <div
      class="dropdown"
    >
      <select
        class="dropdown__select"
      >
        <option
          value="test1"
        >
          Transaction Example Snap 1
        </option>
        <option
          value="test2"
        >
          Transaction Example Snap 2
        </option>
      </select>
      <svg
        class="dropdown__icon-caret-down"
        fill="currentColor"
        height="16"
        viewBox="0 0 512 512"
        width="16"
        xmlns="http://www.w3.org/2000/svg"
      >
        <path
          d="m399 177c-8-8-22-8-30 0l-113 113-113-113c-8-8-22-8-30 0-8 8-8 22 0 30l128 128c8 8 22 8 30 0l128-128c8-8 8-22 0-30z"
        />
      </svg>
    </div>
  </li>
</div>
`;
