// Jest Snapshot v1, https://goo.gl/fbAQLP

exports[`ButtonSecondary should render button element correctly 1`] = `
<div>
  <button
    class="box mm-text mm-button-base mm-button-base--size-md mm-button-secondary mm-text--body-md box--padding-right-4 box--padding-left-4 box--display-inline-flex box--flex-direction-row box--justify-content-center box--align-items-center box--color-primary-default box--background-color-transparent box--rounded-pill box--border-color-primary-default box--border-style-solid box--border-width-1"
    data-testid="button-secondary"
  >
    Button Secondary
  </button>
</div>
`;
