// Jest Snapshot v1, https://goo.gl/fbAQLP

exports[`AvatarToken should render correctly 1`] = `
<div>
  <div
    class="box mm-text mm-avatar-base mm-avatar-base--size-md mm-avatar-token mm-text--body-sm mm-text--text-transform-uppercase box--display-flex box--flex-direction-row box--justify-content-center box--align-items-center box--color-text-default box--background-color-background-alternative box--rounded-full box--border-color-transparent box--border-style-solid box--border-width-1"
    data-testid="avatar-token"
  >
    <img
      alt="ast logo"
      class="mm-avatar-token__token-image"
      src="./AST.png"
    />
  </div>
</div>
`;
