// Jest Snapshot v1, https://goo.gl/fbAQLP

exports[`Export PrivateKey Modal should match snapshot 1`] = `
<div>
  <div
    class="export-private-key-modal account-modal"
    style="border-radius: 4px;"
  >
    <div
      class="account-modal__container"
    >
      <div>
        <div
          class=""
        >
          <div
            class="identicon"
            style="height: 64px; width: 64px; border-radius: 32px;"
          >
            <div
              style="border-radius: 50px; overflow: hidden; padding: 0px; margin: 0px; width: 64px; height: 64px; display: inline-block; background: rgb(250, 58, 0);"
            >
              <svg
                height="64"
                width="64"
                x="0"
                y="0"
              >
                <rect
                  fill="#18CDF2"
                  height="64"
                  transform="translate(-2.09678700758788 -6.608568138920997) rotate(328.9 32 32)"
                  width="64"
                  x="0"
                  y="0"
                />
                <rect
                  fill="#035E56"
                  height="64"
                  transform="translate(-36.59692341766409 21.1849237434972) rotate(176.2 32 32)"
                  width="64"
                  x="0"
                  y="0"
                />
                <rect
                  fill="#F26602"
                  height="64"
                  transform="translate(33.335684036447844 -28.410279445994163) rotate(468.9 32 32)"
                  width="64"
                  x="0"
                  y="0"
                />
              </svg>
            </div>
          </div>
        </div>
      </div>
      <button
        class="account-modal__close"
      />
      <span
        class="box mm-text mm-text--body-lg-medium mm-text--font-weight-normal box--margin-top-2 box--flex-direction-row box--color-text-default"
      >
        Test Account
      </span>
      <div
        class="box ellip-address-wrapper box--margin-top-2 box--padding-1 box--sm:padding-2 box--md:padding-1 box--lg:padding-2 box--flex-direction-row box--border-style-solid box--border-color-border-default box--border-width-1"
      >
        0x0DCD5D886577d5081B0c52e242Ef29E70Be3E7bc
      </div>
      <div
        class="box export-private-key-modal__divider box--margin-5 box--md:margin-3 box--flex-direction-row box--width-full"
      />
      <p
        class="box mm-text mm-text--body-lg-medium mm-text--font-weight-normal box--margin-4 box--md:margin-4 box--flex-direction-row box--color-text-default"
      >
        Show Private Keys
      </p>
      <div
        class="box box--padding-right-5 box--padding-left-5 box--display-flex box--flex-direction-column box--align-items-flex-start box--width-full"
      >
        <label
          class="box mm-text mm-label mm-text--body-sm mm-text--font-weight-bold box--margin-bottom-2 box--display-inline-flex box--flex-direction-row box--align-items-center box--color-text-default"
        >
          Type your MetaMask password
        </label>
        <div
          class="box mm-text-field mm-text-field--size-md mm-text-field--truncate export-private-key-modal__password-input box--display-inline-flex box--flex-direction-row box--align-items-center box--width-full box--background-color-background-default box--rounded-sm box--border-width-1 box--border-style-solid"
          data-testid="password-input"
        >
          <input
            autocomplete="off"
            class="box mm-text mm-input mm-input--disable-state-styles mm-text-field__input mm-text--body-md box--padding-right-4 box--padding-left-4 box--flex-direction-row box--color-text-default box--background-color-transparent box--border-style-none"
            focused="false"
            placeholder="Enter password"
            type="password"
            value=""
          />
        </div>
      </div>
      <p
        class="box mm-text mm-text--body-sm box--flex-direction-row box--color-error-default"
      />
      <div
        class="box mm-banner-base mm-banner-alert mm-banner-alert--severity-danger box--margin-top-4 box--margin-right-5 box--margin-left-5 box--padding-1 box--sm:padding-3 box--lg:padding-3 box--padding-left-2 box--display-flex box--gap-2 box--flex-direction-row box--background-color-error-muted box--rounded-sm"
      >
        <span
          class="box mm-icon mm-icon--size-lg box--display-inline-block box--flex-direction-row box--color-error-default"
          style="mask-image: url('./images/icons/danger.svg');"
        />
        <div>
          <p
            class="box mm-text mm-text--body-md box--flex-direction-row box--color-text-default"
          >
            Warning: Never disclose this key. Anyone with your private keys can steal any assets held in your account.
          </p>
        </div>
      </div>
      <div
        class="box box--margin-top-3 box--padding-5 box--md:padding-5 box--display-flex box--flex-direction-row box--justify-content-space-between box--width-full"
      >
        <button
          class="box mm-text mm-button-base mm-button-base--size-lg mm-button-primary mm-text--body-md box--margin-right-4 box--padding-right-4 box--padding-left-4 box--display-inline-flex box--flex-direction-row box--justify-content-center box--align-items-center box--width-1/2 box--color-primary-inverse box--background-color-primary-default box--rounded-pill"
          type="secondary"
        >
          Cancel
        </button>
        <button
          class="box mm-text mm-button-base mm-button-base--size-lg mm-button-base--disabled mm-button-primary mm-button-primary--disabled mm-text--body-md box--padding-right-4 box--padding-left-4 box--display-inline-flex box--flex-direction-row box--justify-content-center box--align-items-center box--width-1/2 box--color-primary-inverse box--background-color-primary-default box--rounded-pill"
          disabled=""
          type="primary"
        >
          Confirm
        </button>
      </div>
    </div>
  </div>
</div>
`;
