// Jest Snapshot v1, https://goo.gl/fbAQLP

exports[`Multichain Connected Site Menu render should match snapshot 1`] = `
<div>
  <div
    class="box multichain-connected-site-menu box--flex-direction-row"
    data-testid="connection-menu"
  >
    <div
      class="box mm-badge-wrapper box--display-inline-block box--flex-direction-row"
    >
      <span
        class="box mm-icon mm-icon--size-xl box--display-inline-block box--flex-direction-row box--color-icon-alternative"
        style="mask-image: url('./images/icons/global.svg');"
      />
      <div
        class="box mm-badge-wrapper__badge-container mm-badge-wrapper__badge-container--circular-top-right box--flex-direction-row"
      >
        <div
          class="box box--flex-direction-row box--background-color-background-default box--rounded-full box--border-color-border-muted box--border-width-2 box--border-style-solid"
        />
      </div>
    </div>
  </div>
</div>
`;
