// Jest Snapshot v1, https://goo.gl/fbAQLP

exports[`ModalBody should match snapshot 1`] = `
<div>
  <div
    class="mm-box mm-modal-body mm-box--padding-top-2 mm-box--padding-right-4 mm-box--padding-bottom-2 mm-box--padding-left-4"
  />
</div>
`;
