// Jest Snapshot v1, https://goo.gl/fbAQLP

exports[`ComplianceDetails should render correctly 1`] = `
<div>
  <div
    class="mm-box compliance-details mm-box--padding-right-4 mm-box--padding-left-4 mm-box--display-flex mm-box--flex-direction-column"
  >
    <div
      class="mm-box compliance-details__row mm-box--padding-top-4 mm-box--padding-bottom-4 mm-box--display-flex mm-box--flex-direction-column mm-box--justify-content-center mm-box--height-2/3"
    >
      <p
        class="box mm-text mm-text--body-md box--flex-direction-row box--color-text-default"
      >
        Address
      </p>
      <p
        class="box mm-text mm-text--body-xs box--flex-direction-row box--color-text-default"
      >
        0xAddress
      </p>
    </div>
    <div
      class="mm-box compliance-details__row mm-box--padding-top-4 mm-box--padding-bottom-4 mm-box--display-flex mm-box--flex-direction-column mm-box--justify-content-center mm-box--height-2/3"
    >
      <div
        class="mm-box mm-box--margin-bottom-1 mm-box--display-flex mm-box--align-items-center mm-box--color-text-alternative"
      >
        <p
          class="box mm-text mm-text--body-md box--margin-right-2 box--flex-direction-row box--color-text-default"
        >
          Risk rating
        </p>
        <div
          class="info-tooltip"
          data-testid="info-tooltip"
        >
          <div>
            <div
              aria-describedby="tippy-tooltip-1"
              class="info-tooltip__tooltip-container"
              data-original-title="null"
              data-tooltipped=""
              style="display: inline;"
              tabindex="0"
            >
              <svg
                viewBox="0 0 10 10"
                xmlns="http://www.w3.org/2000/svg"
              >
                <path
                  d="M5 0C2.2 0 0 2.2 0 5s2.2 5 5 5 5-2.2 5-5-2.2-5-5-5zm0 2c.4 0 .7.3.7.7s-.3.7-.7.7-.7-.2-.7-.6.3-.8.7-.8zm.7 6H4.3V4.3h1.5V8z"
                  fill="var(--color-icon-alternative)"
                />
              </svg>
            </div>
          </div>
        </div>
      </div>
      <div
        class="mm-box compliance-row__column-risk compliance-row__column-risk--green"
      >
        <p
          class="box mm-text mm-text--body-md box--flex-direction-row box--color-text-default"
        >
          low
        </p>
      </div>
    </div>
    <div
      class="mm-box compliance-details__row mm-box--padding-top-4 mm-box--padding-bottom-4 mm-box--display-flex mm-box--flex-direction-column mm-box--justify-content-center mm-box--height-2/3"
    >
      <div
        class="mm-box mm-box--display-flex mm-box--align-items-center mm-box--color-text-alternative"
      >
        <p
          class="box mm-text mm-text--body-md box--margin-right-2 box--flex-direction-row box--color-text-default"
        >
          Report last run
        </p>
        <div
          class="info-tooltip"
          data-testid="info-tooltip"
        >
          <div>
            <div
              aria-describedby="tippy-tooltip-2"
              class="info-tooltip__tooltip-container"
              data-original-title="null"
              data-tooltipped=""
              style="display: inline;"
              tabindex="0"
            >
              <svg
                viewBox="0 0 10 10"
                xmlns="http://www.w3.org/2000/svg"
              >
                <path
                  d="M5 0C2.2 0 0 2.2 0 5s2.2 5 5 5 5-2.2 5-5-2.2-5-5-5zm0 2c.4 0 .7.3.7.7s-.3.7-.7.7-.7-.2-.7-.6.3-.8.7-.8zm.7 6H4.3V4.3h1.5V8z"
                  fill="var(--color-icon-alternative)"
                />
              </svg>
            </div>
          </div>
        </div>
      </div>
      <p
        class="box mm-text mm-text--body-md box--flex-direction-row box--color-text-default"
      />
    </div>
    <div
      class="mm-box"
    >
      <div
        class="swaps-footer"
      >
        <div
          class="swaps-footer__buttons swaps-footer__buttons--border"
        >
          <div
            class="page-container__footer swaps-footer__custom-page-container-footer-class"
          >
            <footer>
              <button
                class="button btn--rounded btn-secondary page-container__footer-button page-container__footer-button__cancel swaps-footer__custom-page-container-footer-button-class"
                data-testid="page-container-footer-cancel"
                role="button"
                tabindex="0"
              >
                Show report
              </button>
              <button
                class="button btn--rounded btn-primary page-container__footer-button swaps-footer__custom-page-container-footer-button-class"
                data-testid="page-container-footer-next"
                role="button"
                tabindex="0"
              >
                Run report
              </button>
            </footer>
          </div>
        </div>
      </div>
    </div>
  </div>
</div>
`;
