// Jest Snapshot v1, https://goo.gl/fbAQLP

exports[`FormTextField should render correctly 1`] = `
<div>
  <div
    class="box mm-form-text-field box--display-flex box--flex-direction-column"
  >
    <div
      class="box mm-text-field mm-text-field--size-md mm-text-field--truncate mm-form-text-field__text-field box--display-inline-flex box--flex-direction-row box--align-items-center box--background-color-background-default box--rounded-sm box--border-width-1 box--border-style-solid"
    >
      <input
        autocomplete="off"
        class="box mm-text mm-input mm-input--disable-state-styles mm-text-field__input mm-text--body-md box--padding-right-4 box--padding-left-4 box--flex-direction-row box--color-text-default box--background-color-transparent box--border-style-none"
        focused="false"
        type="text"
        value=""
      />
    </div>
  </div>
</div>
`;
